// Jest Snapshot v1, https://goo.gl/fbAQLP

exports[`CodechartaUniversalImporter should return correct analyzed files 1`] = `
Array [
  AnalyzedFile {
    "metrics": Object {
      "averageMaintainability": -1,
      "minMaintainability": -1,
      "sloc_block_lines": "0",
      "sloc_comment_lines": "0",
      "sloc_empty_lines": "0",
      "sloc_mixed_lines": "0",
      "sloc_single_lines": "0",
      "sloc_source_lines": "1",
      "sloc_todo_lines": "0",
      "sloc_total_lines": "1",
      "unary": "1",
    },
    "path": "test/sample-projects/typescript/hello-old-world.js",
  },
  AnalyzedFile {
    "metrics": Object {
      "averageMaintainability": -1,
      "minMaintainability": -1,
      "sloc_block_lines": "0",
      "sloc_comment_lines": "0",
      "sloc_empty_lines": "3",
      "sloc_mixed_lines": "0",
      "sloc_single_lines": "0",
      "sloc_source_lines": "8",
      "sloc_todo_lines": "0",
      "sloc_total_lines": "11",
      "unary": "1",
    },
    "path": "test/sample-projects/typescript/hello-universe.ts",
  },
  AnalyzedFile {
    "metrics": Object {
      "averageMaintainability": -1,
      "minMaintainability": -1,
      "sloc_block_lines": "0",
      "sloc_comment_lines": "0",
      "sloc_empty_lines": "3",
      "sloc_mixed_lines": "0",
      "sloc_single_lines": "0",
      "sloc_source_lines": "8",
      "sloc_todo_lines": "0",
      "sloc_total_lines": "11",
      "unary": "1",
    },
    "path": "test/sample-projects/typescript/hello-world.ts",
  },
]
`;
