// Jest Snapshot v1, https://goo.gl/fbAQLP

exports[`CodechartaUniversalImporter should return correct analyzed files 1`] = `
Array [
  AnalyzedFile {
    "metrics": Object {
      "sloc_block_lines": "0",
      "sloc_comment_lines": "0",
      "sloc_empty_lines": "0",
      "sloc_mixed_lines": "0",
      "sloc_single_lines": "0",
      "sloc_source_lines": "1",
      "sloc_todo_lines": "0",
      "sloc_total_lines": "1",
    },
    "path": "test/sample-projects/typescript/hello-old-world.js",
  },
  AnalyzedFile {
    "metrics": Object {
      "sloc_block_lines": "0",
      "sloc_comment_lines": "0",
      "sloc_empty_lines": "3",
      "sloc_mixed_lines": "0",
      "sloc_single_lines": "0",
      "sloc_source_lines": "8",
      "sloc_todo_lines": "0",
      "sloc_total_lines": "11",
      "sonarts_classes": "1",
      "sonarts_cognitiveComplexity": "0",
      "sonarts_commentLines": "0",
      "sonarts_complexity": "2",
      "sonarts_executableLines": "2",
      "sonarts_functions": "2",
      "sonarts_ncloc": "8",
      "sonarts_nosonarLines": "0",
      "sonarts_statements": "2",
    },
    "path": "test/sample-projects/typescript/hello-universe.ts",
  },
  AnalyzedFile {
    "metrics": Object {
      "sloc_block_lines": "0",
      "sloc_comment_lines": "0",
      "sloc_empty_lines": "3",
      "sloc_mixed_lines": "0",
      "sloc_single_lines": "0",
      "sloc_source_lines": "8",
      "sloc_todo_lines": "0",
      "sloc_total_lines": "11",
      "sonarts_classes": "1",
      "sonarts_cognitiveComplexity": "0",
      "sonarts_commentLines": "0",
      "sonarts_complexity": "2",
      "sonarts_executableLines": "2",
      "sonarts_functions": "2",
      "sonarts_ncloc": "8",
      "sonarts_nosonarLines": "0",
      "sonarts_statements": "2",
    },
    "path": "test/sample-projects/typescript/hello-world.ts",
  },
]
`;
