// Jest Snapshot v1, https://goo.gl/fbAQLP

exports[`CodechartaUniversalImporter should correctly analyze files and export into a cc map 1`] = `"{\\"projectName\\":\\"PrettierJS\\",\\"apiVersion\\":\\"1.0\\",\\"nodes\\":[{\\"name\\":\\"root\\",\\"type\\":\\"Folder\\",\\"children\\":[]}]}"`;

exports[`CodechartaUniversalImporter should correctly analyze prettierJS 1`] = `
Array [
  AnalyzedFile {
    "metrics": Object {
      "sloc_block_lines": "58",
      "sloc_comment_lines": "65",
      "sloc_empty_lines": "6",
      "sloc_mixed_lines": "0",
      "sloc_single_lines": "7",
      "sloc_source_lines": "146",
      "sloc_todo_lines": "0",
      "sloc_total_lines": "217",
      "sonarts_classes": "0",
      "sonarts_cognitiveComplexity": "0",
      "sonarts_commentLines": "65",
      "sonarts_complexity": "2",
      "sonarts_executableLines": "7",
      "sonarts_functions": "2",
      "sonarts_ncloc": "147",
      "sonarts_nosonarLines": "0",
      "sonarts_statements": "7",
    },
    "path": "test/sample-projects/javascript/prettier/cli/constant.js",
  },
  AnalyzedFile {
    "metrics": Object {
      "sloc_block_lines": "0",
      "sloc_comment_lines": "0",
      "sloc_empty_lines": "13",
      "sloc_mixed_lines": "0",
      "sloc_single_lines": "0",
      "sloc_source_lines": "64",
      "sloc_todo_lines": "0",
      "sloc_total_lines": "77",
      "sonarts_classes": "0",
      "sonarts_cognitiveComplexity": "20",
      "sonarts_commentLines": "0",
      "sonarts_complexity": "18",
      "sonarts_executableLines": "41",
      "sonarts_functions": "1",
      "sonarts_ncloc": "64",
      "sonarts_nosonarLines": "0",
      "sonarts_statements": "41",
    },
    "path": "test/sample-projects/javascript/prettier/cli/index.js",
  },
  AnalyzedFile {
    "metrics": Object {
      "sloc_block_lines": "3",
      "sloc_comment_lines": "3",
      "sloc_empty_lines": "6",
      "sloc_mixed_lines": "0",
      "sloc_single_lines": "0",
      "sloc_source_lines": "26",
      "sloc_todo_lines": "0",
      "sloc_total_lines": "35",
      "sonarts_classes": "0",
      "sonarts_cognitiveComplexity": "5",
      "sonarts_commentLines": "3",
      "sonarts_complexity": "7",
      "sonarts_executableLines": "13",
      "sonarts_functions": "4",
      "sonarts_ncloc": "26",
      "sonarts_nosonarLines": "0",
      "sonarts_statements": "13",
    },
    "path": "test/sample-projects/javascript/prettier/cli/minimist.js",
  },
  AnalyzedFile {
    "metrics": Object {
      "sloc_block_lines": "482",
      "sloc_comment_lines": "497",
      "sloc_empty_lines": "119",
      "sloc_mixed_lines": "5",
      "sloc_single_lines": "15",
      "sloc_source_lines": "432",
      "sloc_todo_lines": "0",
      "sloc_total_lines": "987",
      "sonarts_classes": "0",
      "sonarts_cognitiveComplexity": "169",
      "sonarts_commentLines": "48",
      "sonarts_complexity": "212",
      "sonarts_executableLines": "343",
      "sonarts_functions": "94",
      "sonarts_ncloc": "833",
      "sonarts_nosonarLines": "0",
      "sonarts_statements": "343",
    },
    "path": "test/sample-projects/javascript/prettier/cli/util.js",
  },
  AnalyzedFile {
    "metrics": Object {
      "sloc_block_lines": "0",
      "sloc_comment_lines": "1",
      "sloc_empty_lines": "2",
      "sloc_mixed_lines": "0",
      "sloc_single_lines": "1",
      "sloc_source_lines": "48",
      "sloc_todo_lines": "0",
      "sloc_total_lines": "51",
      "sonarts_classes": "0",
      "sonarts_cognitiveComplexity": "0",
      "sonarts_commentLines": "1",
      "sonarts_complexity": "0",
      "sonarts_executableLines": "3",
      "sonarts_functions": "0",
      "sonarts_ncloc": "48",
      "sonarts_nosonarLines": "0",
      "sonarts_statements": "3",
    },
    "path": "test/sample-projects/javascript/prettier/common/common-options.js",
  },
  AnalyzedFile {
    "metrics": Object {
      "sloc_block_lines": "12",
      "sloc_comment_lines": "12",
      "sloc_empty_lines": "5",
      "sloc_mixed_lines": "0",
      "sloc_single_lines": "0",
      "sloc_source_lines": "24",
      "sloc_todo_lines": "0",
      "sloc_total_lines": "41",
      "sonarts_classes": "0",
      "sonarts_cognitiveComplexity": "5",
      "sonarts_commentLines": "12",
      "sonarts_complexity": "8",
      "sonarts_executableLines": "13",
      "sonarts_functions": "4",
      "sonarts_ncloc": "30",
      "sonarts_nosonarLines": "0",
      "sonarts_statements": "13",
    },
    "path": "test/sample-projects/javascript/prettier/common/create-ignorer.js",
  },
  AnalyzedFile {
    "metrics": Object {
      "sloc_block_lines": "0",
      "sloc_comment_lines": "0",
      "sloc_empty_lines": "3",
      "sloc_mixed_lines": "0",
      "sloc_single_lines": "0",
      "sloc_source_lines": "22",
      "sloc_todo_lines": "0",
      "sloc_total_lines": "25",
      "sonarts_classes": "0",
      "sonarts_cognitiveComplexity": "4",
      "sonarts_commentLines": "0",
      "sonarts_complexity": "6",
      "sonarts_executableLines": "10",
      "sonarts_functions": "2",
      "sonarts_ncloc": "22",
      "sonarts_nosonarLines": "0",
      "sonarts_statements": "10",
    },
    "path": "test/sample-projects/javascript/prettier/common/end-of-line.js",
  },
  AnalyzedFile {
    "metrics": Object {
      "sloc_block_lines": "0",
      "sloc_comment_lines": "0",
      "sloc_empty_lines": "2",
      "sloc_mixed_lines": "0",
      "sloc_single_lines": "0",
      "sloc_source_lines": "9",
      "sloc_todo_lines": "0",
      "sloc_total_lines": "11",
      "sonarts_classes": "3",
      "sonarts_cognitiveComplexity": "0",
      "sonarts_commentLines": "0",
      "sonarts_complexity": "0",
      "sonarts_executableLines": "2",
      "sonarts_functions": "0",
      "sonarts_ncloc": "9",
      "sonarts_nosonarLines": "0",
      "sonarts_statements": "2",
    },
    "path": "test/sample-projects/javascript/prettier/common/errors.js",
  },
  AnalyzedFile {
    "metrics": Object {
      "sloc_block_lines": "4",
      "sloc_comment_lines": "24",
      "sloc_empty_lines": "22",
      "sloc_mixed_lines": "3",
      "sloc_single_lines": "20",
      "sloc_source_lines": "89",
      "sloc_todo_lines": "0",
      "sloc_total_lines": "132",
      "sonarts_classes": "0",
      "sonarts_cognitiveComplexity": "22",
      "sonarts_commentLines": "24",
      "sonarts_complexity": "21",
      "sonarts_executableLines": "68",
      "sonarts_functions": "9",
      "sonarts_ncloc": "89",
      "sonarts_nosonarLines": "0",
      "sonarts_statements": "68",
    },
    "path": "test/sample-projects/javascript/prettier/common/fast-path.js",
  },
  AnalyzedFile {
    "metrics": Object {
      "sloc_block_lines": "18",
      "sloc_comment_lines": "18",
      "sloc_empty_lines": "7",
      "sloc_mixed_lines": "0",
      "sloc_single_lines": "0",
      "sloc_source_lines": "21",
      "sloc_todo_lines": "0",
      "sloc_total_lines": "46",
      "sonarts_classes": "0",
      "sonarts_cognitiveComplexity": "1",
      "sonarts_commentLines": "18",
      "sonarts_complexity": "5",
      "sonarts_executableLines": "11",
      "sonarts_functions": "4",
      "sonarts_ncloc": "29",
      "sonarts_nosonarLines": "0",
      "sonarts_statements": "11",
    },
    "path": "test/sample-projects/javascript/prettier/common/get-file-info.js",
  },
  AnalyzedFile {
    "metrics": Object {
      "sloc_block_lines": "3",
      "sloc_comment_lines": "25",
      "sloc_empty_lines": "8",
      "sloc_mixed_lines": "0",
      "sloc_single_lines": "22",
      "sloc_source_lines": "128",
      "sloc_todo_lines": "3",
      "sloc_total_lines": "161",
      "sonarts_classes": "0",
      "sonarts_cognitiveComplexity": "0",
      "sonarts_commentLines": "25",
      "sonarts_complexity": "25",
      "sonarts_executableLines": "27",
      "sonarts_functions": "0",
      "sonarts_ncloc": "128",
      "sonarts_nosonarLines": "0",
      "sonarts_statements": "27",
    },
    "path": "test/sample-projects/javascript/prettier/common/internal-plugins.js",
  },
  AnalyzedFile {
    "metrics": Object {
      "sloc_block_lines": "0",
      "sloc_comment_lines": "3",
      "sloc_empty_lines": "12",
      "sloc_mixed_lines": "0",
      "sloc_single_lines": "3",
      "sloc_source_lines": "82",
      "sloc_todo_lines": "0",
      "sloc_total_lines": "97",
      "sonarts_classes": "0",
      "sonarts_cognitiveComplexity": "10",
      "sonarts_commentLines": "3",
      "sonarts_complexity": "13",
      "sonarts_executableLines": "36",
      "sonarts_functions": "8",
      "sonarts_ncloc": "82",
      "sonarts_nosonarLines": "0",
      "sonarts_statements": "36",
    },
    "path": "test/sample-projects/javascript/prettier/common/load-plugins.js",
  },
  AnalyzedFile {
    "metrics": Object {
      "sloc_block_lines": "0",
      "sloc_comment_lines": "1",
      "sloc_empty_lines": "2",
      "sloc_mixed_lines": "0",
      "sloc_single_lines": "1",
      "sloc_source_lines": "9",
      "sloc_todo_lines": "0",
      "sloc_total_lines": "12",
      "sonarts_classes": "0",
      "sonarts_cognitiveComplexity": "0",
      "sonarts_commentLines": "1",
      "sonarts_complexity": "1",
      "sonarts_executableLines": "5",
      "sonarts_functions": "1",
      "sonarts_ncloc": "9",
      "sonarts_nosonarLines": "0",
      "sonarts_statements": "5",
    },
    "path": "test/sample-projects/javascript/prettier/common/parser-create-error.js",
  },
  AnalyzedFile {
    "metrics": Object {
      "sloc_block_lines": "0",
      "sloc_comment_lines": "0",
      "sloc_empty_lines": "4",
      "sloc_mixed_lines": "0",
      "sloc_single_lines": "0",
      "sloc_source_lines": "26",
      "sloc_todo_lines": "0",
      "sloc_total_lines": "30",
      "sonarts_classes": "0",
      "sonarts_cognitiveComplexity": "1",
      "sonarts_commentLines": "0",
      "sonarts_complexity": "2",
      "sonarts_executableLines": "8",
      "sonarts_functions": "1",
      "sonarts_ncloc": "26",
      "sonarts_nosonarLines": "0",
      "sonarts_statements": "8",
    },
    "path": "test/sample-projects/javascript/prettier/common/parser-include-shebang.js",
  },
  AnalyzedFile {
    "metrics": Object {
      "sloc_block_lines": "0",
      "sloc_comment_lines": "0",
      "sloc_empty_lines": "2",
      "sloc_mixed_lines": "0",
      "sloc_single_lines": "0",
      "sloc_source_lines": "9",
      "sloc_todo_lines": "0",
      "sloc_total_lines": "11",
      "sonarts_classes": "0",
      "sonarts_cognitiveComplexity": "0",
      "sonarts_commentLines": "0",
      "sonarts_complexity": "0",
      "sonarts_executableLines": "5",
      "sonarts_functions": "0",
      "sonarts_ncloc": "9",
      "sonarts_nosonarLines": "0",
      "sonarts_statements": "5",
    },
    "path": "test/sample-projects/javascript/prettier/common/third-party.js",
  },
  AnalyzedFile {
    "metrics": Object {
      "sloc_block_lines": "0",
      "sloc_comment_lines": "1",
      "sloc_empty_lines": "5",
      "sloc_mixed_lines": "1",
      "sloc_single_lines": "1",
      "sloc_source_lines": "42",
      "sloc_todo_lines": "1",
      "sloc_total_lines": "47",
      "sonarts_classes": "0",
      "sonarts_cognitiveComplexity": "0",
      "sonarts_commentLines": "1",
      "sonarts_complexity": "3",
      "sonarts_executableLines": "7",
      "sonarts_functions": "3",
      "sonarts_ncloc": "42",
      "sonarts_nosonarLines": "0",
      "sonarts_statements": "7",
    },
    "path": "test/sample-projects/javascript/prettier/common/util-shared.js",
  },
  AnalyzedFile {
    "metrics": Object {
      "sloc_block_lines": "0",
      "sloc_comment_lines": "69",
      "sloc_empty_lines": "89",
      "sloc_mixed_lines": "0",
      "sloc_single_lines": "69",
      "sloc_source_lines": "563",
      "sloc_todo_lines": "0",
      "sloc_total_lines": "721",
      "sonarts_classes": "0",
      "sonarts_cognitiveComplexity": "137",
      "sonarts_commentLines": "69",
      "sonarts_complexity": "175",
      "sonarts_executableLines": "238",
      "sonarts_functions": "46",
      "sonarts_ncloc": "563",
      "sonarts_nosonarLines": "0",
      "sonarts_statements": "238",
    },
    "path": "test/sample-projects/javascript/prettier/common/util.js",
  },
  AnalyzedFile {
    "metrics": Object {
      "sloc_block_lines": "0",
      "sloc_comment_lines": "0",
      "sloc_empty_lines": "10",
      "sloc_mixed_lines": "0",
      "sloc_single_lines": "0",
      "sloc_source_lines": "39",
      "sloc_todo_lines": "0",
      "sloc_total_lines": "49",
      "sonarts_classes": "0",
      "sonarts_cognitiveComplexity": "6",
      "sonarts_commentLines": "0",
      "sonarts_complexity": "11",
      "sonarts_executableLines": "23",
      "sonarts_functions": "6",
      "sonarts_ncloc": "39",
      "sonarts_nosonarLines": "0",
      "sonarts_statements": "23",
    },
    "path": "test/sample-projects/javascript/prettier/config/resolve-config-editorconfig.js",
  },
  AnalyzedFile {
    "metrics": Object {
      "sloc_block_lines": "1",
      "sloc_comment_lines": "5",
      "sloc_empty_lines": "24",
      "sloc_mixed_lines": "1",
      "sloc_single_lines": "4",
      "sloc_source_lines": "139",
      "sloc_todo_lines": "0",
      "sloc_total_lines": "167",
      "sonarts_classes": "0",
      "sonarts_cognitiveComplexity": "41",
      "sonarts_commentLines": "5",
      "sonarts_complexity": "39",
      "sonarts_executableLines": "61",
      "sonarts_functions": "19",
      "sonarts_ncloc": "140",
      "sonarts_nosonarLines": "0",
      "sonarts_statements": "61",
    },
    "path": "test/sample-projects/javascript/prettier/config/resolve-config.js",
  },
  AnalyzedFile {
    "metrics": Object {
      "sloc_block_lines": "1",
      "sloc_comment_lines": "11",
      "sloc_empty_lines": "27",
      "sloc_mixed_lines": "0",
      "sloc_single_lines": "10",
      "sloc_source_lines": "140",
      "sloc_todo_lines": "0",
      "sloc_total_lines": "178",
      "sonarts_classes": "0",
      "sonarts_cognitiveComplexity": "23",
      "sonarts_commentLines": "11",
      "sonarts_complexity": "33",
      "sonarts_executableLines": "55",
      "sonarts_functions": "14",
      "sonarts_ncloc": "140",
      "sonarts_nosonarLines": "0",
      "sonarts_statements": "55",
    },
    "path": "test/sample-projects/javascript/prettier/doc/doc-builders.js",
  },
  AnalyzedFile {
    "metrics": Object {
      "sloc_block_lines": "0",
      "sloc_comment_lines": "0",
      "sloc_empty_lines": "18",
      "sloc_mixed_lines": "0",
      "sloc_single_lines": "0",
      "sloc_source_lines": "112",
      "sloc_todo_lines": "0",
      "sloc_total_lines": "130",
      "sonarts_classes": "0",
      "sonarts_cognitiveComplexity": "54",
      "sonarts_commentLines": "0",
      "sonarts_complexity": "35",
      "sonarts_executableLines": "53",
      "sonarts_functions": "3",
      "sonarts_ncloc": "112",
      "sonarts_nosonarLines": "0",
      "sonarts_statements": "53",
    },
    "path": "test/sample-projects/javascript/prettier/doc/doc-debug.js",
  },
  AnalyzedFile {
    "metrics": Object {
      "sloc_block_lines": "2",
      "sloc_comment_lines": "49",
      "sloc_empty_lines": "77",
      "sloc_mixed_lines": "0",
      "sloc_single_lines": "47",
      "sloc_source_lines": "423",
      "sloc_todo_lines": "0",
      "sloc_total_lines": "549",
      "sonarts_classes": "0",
      "sonarts_cognitiveComplexity": "274",
      "sonarts_commentLines": "49",
      "sonarts_complexity": "108",
      "sonarts_executableLines": "252",
      "sonarts_functions": "13",
      "sonarts_ncloc": "424",
      "sonarts_nosonarLines": "0",
      "sonarts_statements": "252",
    },
    "path": "test/sample-projects/javascript/prettier/doc/doc-printer.js",
  },
  AnalyzedFile {
    "metrics": Object {
      "sloc_block_lines": "1",
      "sloc_comment_lines": "13",
      "sloc_empty_lines": "22",
      "sloc_mixed_lines": "1",
      "sloc_single_lines": "12",
      "sloc_source_lines": "183",
      "sloc_todo_lines": "0",
      "sloc_total_lines": "217",
      "sonarts_classes": "0",
      "sonarts_cognitiveComplexity": "82",
      "sonarts_commentLines": "13",
      "sonarts_complexity": "68",
      "sonarts_executableLines": "98",
      "sonarts_functions": "17",
      "sonarts_ncloc": "183",
      "sonarts_nosonarLines": "0",
      "sonarts_statements": "98",
    },
    "path": "test/sample-projects/javascript/prettier/doc/doc-utils.js",
  },
  AnalyzedFile {
    "metrics": Object {
      "sloc_block_lines": "0",
      "sloc_comment_lines": "0",
      "sloc_empty_lines": "1",
      "sloc_mixed_lines": "0",
      "sloc_single_lines": "0",
      "sloc_source_lines": "7",
      "sloc_todo_lines": "0",
      "sloc_total_lines": "8",
      "sonarts_classes": "0",
      "sonarts_cognitiveComplexity": "0",
      "sonarts_commentLines": "0",
      "sonarts_complexity": "0",
      "sonarts_executableLines": "2",
      "sonarts_functions": "0",
      "sonarts_ncloc": "7",
      "sonarts_nosonarLines": "0",
      "sonarts_statements": "2",
    },
    "path": "test/sample-projects/javascript/prettier/doc/index.js",
  },
  AnalyzedFile {
    "metrics": Object {
      "sloc_block_lines": "1",
      "sloc_comment_lines": "2",
      "sloc_empty_lines": "16",
      "sloc_mixed_lines": "0",
      "sloc_single_lines": "1",
      "sloc_source_lines": "52",
      "sloc_todo_lines": "0",
      "sloc_total_lines": "70",
      "sonarts_classes": "0",
      "sonarts_cognitiveComplexity": "2",
      "sonarts_commentLines": "2",
      "sonarts_complexity": "7",
      "sonarts_executableLines": "23",
      "sonarts_functions": "5",
      "sonarts_ncloc": "52",
      "sonarts_nosonarLines": "0",
      "sonarts_statements": "23",
    },
    "path": "test/sample-projects/javascript/prettier/index.js",
  },
  AnalyzedFile {
    "metrics": Object {
      "sloc_block_lines": "5",
      "sloc_comment_lines": "11",
      "sloc_empty_lines": "23",
      "sloc_mixed_lines": "1",
      "sloc_single_lines": "6",
      "sloc_source_lines": "136",
      "sloc_todo_lines": "0",
      "sloc_total_lines": "169",
      "sonarts_classes": "0",
      "sonarts_cognitiveComplexity": "48",
      "sonarts_commentLines": "11",
      "sonarts_complexity": "62",
      "sonarts_executableLines": "54",
      "sonarts_functions": "4",
      "sonarts_ncloc": "136",
      "sonarts_nosonarLines": "0",
      "sonarts_statements": "54",
    },
    "path": "test/sample-projects/javascript/prettier/language-css/clean.js",
  },
  AnalyzedFile {
    "metrics": Object {
      "sloc_block_lines": "1",
      "sloc_comment_lines": "1",
      "sloc_empty_lines": "6",
      "sloc_mixed_lines": "1",
      "sloc_single_lines": "0",
      "sloc_source_lines": "36",
      "sloc_todo_lines": "0",
      "sloc_total_lines": "42",
      "sonarts_classes": "0",
      "sonarts_cognitiveComplexity": "10",
      "sonarts_commentLines": "1",
      "sonarts_complexity": "9",
      "sonarts_executableLines": "8",
      "sonarts_functions": "4",
      "sonarts_ncloc": "36",
      "sonarts_nosonarLines": "0",
      "sonarts_statements": "8",
    },
    "path": "test/sample-projects/javascript/prettier/language-css/embed.js",
  },
  AnalyzedFile {
    "metrics": Object {
      "sloc_block_lines": "0",
      "sloc_comment_lines": "0",
      "sloc_empty_lines": "4",
      "sloc_mixed_lines": "0",
      "sloc_single_lines": "0",
      "sloc_source_lines": "45",
      "sloc_todo_lines": "0",
      "sloc_total_lines": "49",
      "sonarts_classes": "0",
      "sonarts_cognitiveComplexity": "0",
      "sonarts_commentLines": "0",
      "sonarts_complexity": "0",
      "sonarts_executableLines": "7",
      "sonarts_functions": "0",
      "sonarts_ncloc": "45",
      "sonarts_nosonarLines": "0",
      "sonarts_statements": "7",
    },
    "path": "test/sample-projects/javascript/prettier/language-css/index.js",
  },
  AnalyzedFile {
    "metrics": Object {
      "sloc_block_lines": "0",
      "sloc_comment_lines": "1",
      "sloc_empty_lines": "2",
      "sloc_mixed_lines": "0",
      "sloc_single_lines": "1",
      "sloc_source_lines": "5",
      "sloc_todo_lines": "0",
      "sloc_total_lines": "8",
      "sonarts_classes": "0",
      "sonarts_cognitiveComplexity": "0",
      "sonarts_commentLines": "1",
      "sonarts_complexity": "0",
      "sonarts_executableLines": "3",
      "sonarts_functions": "0",
      "sonarts_ncloc": "5",
      "sonarts_nosonarLines": "0",
      "sonarts_statements": "3",
    },
    "path": "test/sample-projects/javascript/prettier/language-css/options.js",
  },
  AnalyzedFile {
    "metrics": Object {
      "sloc_block_lines": "0",
      "sloc_comment_lines": "21",
      "sloc_empty_lines": "103",
      "sloc_mixed_lines": "0",
      "sloc_single_lines": "21",
      "sloc_source_lines": "449",
      "sloc_todo_lines": "1",
      "sloc_total_lines": "573",
      "sonarts_classes": "0",
      "sonarts_cognitiveComplexity": "196",
      "sonarts_commentLines": "21",
      "sonarts_complexity": "129",
      "sonarts_executableLines": "238",
      "sonarts_functions": "18",
      "sonarts_ncloc": "449",
      "sonarts_nosonarLines": "0",
      "sonarts_statements": "238",
    },
    "path": "test/sample-projects/javascript/prettier/language-css/parser-postcss.js",
  },
  AnalyzedFile {
    "metrics": Object {
      "sloc_block_lines": "0",
      "sloc_comment_lines": "0",
      "sloc_empty_lines": "4",
      "sloc_mixed_lines": "0",
      "sloc_single_lines": "0",
      "sloc_source_lines": "17",
      "sloc_todo_lines": "0",
      "sloc_total_lines": "21",
      "sonarts_classes": "0",
      "sonarts_cognitiveComplexity": "1",
      "sonarts_commentLines": "0",
      "sonarts_complexity": "3",
      "sonarts_executableLines": "7",
      "sonarts_functions": "2",
      "sonarts_ncloc": "17",
      "sonarts_nosonarLines": "0",
      "sonarts_statements": "7",
    },
    "path": "test/sample-projects/javascript/prettier/language-css/pragma.js",
  },
  AnalyzedFile {
    "metrics": Object {
      "sloc_block_lines": "3",
      "sloc_comment_lines": "51",
      "sloc_empty_lines": "77",
      "sloc_mixed_lines": "3",
      "sloc_single_lines": "48",
      "sloc_source_lines": "821",
      "sloc_todo_lines": "0",
      "sloc_total_lines": "946",
      "sonarts_classes": "0",
      "sonarts_cognitiveComplexity": "352",
      "sonarts_commentLines": "48",
      "sonarts_complexity": "286",
      "sonarts_executableLines": "223",
      "sonarts_functions": "12",
      "sonarts_ncloc": "821",
      "sonarts_nosonarLines": "0",
      "sonarts_statements": "223",
    },
    "path": "test/sample-projects/javascript/prettier/language-css/printer-postcss.js",
  },
  AnalyzedFile {
    "metrics": Object {
      "sloc_block_lines": "0",
      "sloc_comment_lines": "9",
      "sloc_empty_lines": "67",
      "sloc_mixed_lines": "1",
      "sloc_single_lines": "9",
      "sloc_source_lines": "365",
      "sloc_todo_lines": "0",
      "sloc_total_lines": "440",
      "sonarts_classes": "0",
      "sonarts_cognitiveComplexity": "57",
      "sonarts_commentLines": "8",
      "sonarts_complexity": "134",
      "sonarts_executableLines": "90",
      "sonarts_functions": "46",
      "sonarts_ncloc": "365",
      "sonarts_nosonarLines": "0",
      "sonarts_statements": "90",
    },
    "path": "test/sample-projects/javascript/prettier/language-css/utils.js",
  },
  AnalyzedFile {
    "metrics": Object {
      "sloc_block_lines": "0",
      "sloc_comment_lines": "0",
      "sloc_empty_lines": "4",
      "sloc_mixed_lines": "0",
      "sloc_single_lines": "0",
      "sloc_source_lines": "21",
      "sloc_todo_lines": "0",
      "sloc_total_lines": "25",
      "sonarts_classes": "0",
      "sonarts_cognitiveComplexity": "0",
      "sonarts_commentLines": "0",
      "sonarts_complexity": "0",
      "sonarts_executableLines": "7",
      "sonarts_functions": "0",
      "sonarts_ncloc": "21",
      "sonarts_nosonarLines": "0",
      "sonarts_statements": "7",
    },
    "path": "test/sample-projects/javascript/prettier/language-graphql/index.js",
  },
  AnalyzedFile {
    "metrics": Object {
      "sloc_block_lines": "0",
      "sloc_comment_lines": "1",
      "sloc_empty_lines": "2",
      "sloc_mixed_lines": "0",
      "sloc_single_lines": "1",
      "sloc_source_lines": "5",
      "sloc_todo_lines": "0",
      "sloc_total_lines": "8",
      "sonarts_classes": "0",
      "sonarts_cognitiveComplexity": "0",
      "sonarts_commentLines": "1",
      "sonarts_complexity": "0",
      "sonarts_executableLines": "3",
      "sonarts_functions": "0",
      "sonarts_ncloc": "5",
      "sonarts_nosonarLines": "0",
      "sonarts_statements": "3",
    },
    "path": "test/sample-projects/javascript/prettier/language-graphql/options.js",
  },
  AnalyzedFile {
    "metrics": Object {
      "sloc_block_lines": "1",
      "sloc_comment_lines": "4",
      "sloc_empty_lines": "7",
      "sloc_mixed_lines": "1",
      "sloc_single_lines": "3",
      "sloc_source_lines": "79",
      "sloc_todo_lines": "0",
      "sloc_total_lines": "89",
      "sonarts_classes": "0",
      "sonarts_cognitiveComplexity": "16",
      "sonarts_commentLines": "4",
      "sonarts_complexity": "16",
      "sonarts_executableLines": "40",
      "sonarts_functions": "6",
      "sonarts_ncloc": "79",
      "sonarts_nosonarLines": "0",
      "sonarts_statements": "40",
    },
    "path": "test/sample-projects/javascript/prettier/language-graphql/parser-graphql.js",
  },
  AnalyzedFile {
    "metrics": Object {
      "sloc_block_lines": "0",
      "sloc_comment_lines": "0",
      "sloc_empty_lines": "3",
      "sloc_mixed_lines": "0",
      "sloc_single_lines": "0",
      "sloc_source_lines": "11",
      "sloc_todo_lines": "0",
      "sloc_total_lines": "14",
      "sonarts_classes": "0",
      "sonarts_cognitiveComplexity": "0",
      "sonarts_commentLines": "0",
      "sonarts_complexity": "2",
      "sonarts_executableLines": "4",
      "sonarts_functions": "2",
      "sonarts_ncloc": "11",
      "sonarts_nosonarLines": "0",
      "sonarts_statements": "4",
    },
    "path": "test/sample-projects/javascript/prettier/language-graphql/pragma.js",
  },
  AnalyzedFile {
    "metrics": Object {
      "sloc_block_lines": "2",
      "sloc_comment_lines": "2",
      "sloc_empty_lines": "39",
      "sloc_mixed_lines": "1",
      "sloc_single_lines": "0",
      "sloc_source_lines": "627",
      "sloc_todo_lines": "0",
      "sloc_total_lines": "667",
      "sonarts_classes": "0",
      "sonarts_cognitiveComplexity": "110",
      "sonarts_commentLines": "2",
      "sonarts_complexity": "121",
      "sonarts_executableLines": "81",
      "sonarts_functions": "19",
      "sonarts_ncloc": "627",
      "sonarts_nosonarLines": "0",
      "sonarts_statements": "81",
    },
    "path": "test/sample-projects/javascript/prettier/language-graphql/printer-graphql.js",
  },
  AnalyzedFile {
    "metrics": Object {
      "sloc_block_lines": "0",
      "sloc_comment_lines": "1",
      "sloc_empty_lines": "4",
      "sloc_mixed_lines": "1",
      "sloc_single_lines": "1",
      "sloc_source_lines": "19",
      "sloc_todo_lines": "0",
      "sloc_total_lines": "23",
      "sonarts_classes": "0",
      "sonarts_cognitiveComplexity": "0",
      "sonarts_commentLines": "1",
      "sonarts_complexity": "0",
      "sonarts_executableLines": "6",
      "sonarts_functions": "0",
      "sonarts_ncloc": "19",
      "sonarts_nosonarLines": "0",
      "sonarts_statements": "6",
    },
    "path": "test/sample-projects/javascript/prettier/language-handlebars/index.js",
  },
  AnalyzedFile {
    "metrics": Object {
      "sloc_block_lines": "1",
      "sloc_comment_lines": "1",
      "sloc_empty_lines": "3",
      "sloc_mixed_lines": "0",
      "sloc_single_lines": "0",
      "sloc_source_lines": "54",
      "sloc_todo_lines": "0",
      "sloc_total_lines": "58",
      "sonarts_classes": "0",
      "sonarts_cognitiveComplexity": "8",
      "sonarts_commentLines": "1",
      "sonarts_complexity": "12",
      "sonarts_executableLines": "16",
      "sonarts_functions": "7",
      "sonarts_ncloc": "54",
      "sonarts_nosonarLines": "0",
      "sonarts_statements": "16",
    },
    "path": "test/sample-projects/javascript/prettier/language-handlebars/parser-glimmer.js",
  },
  AnalyzedFile {
    "metrics": Object {
      "sloc_block_lines": "25",
      "sloc_comment_lines": "35",
      "sloc_empty_lines": "32",
      "sloc_mixed_lines": "0",
      "sloc_single_lines": "10",
      "sloc_source_lines": "313",
      "sloc_todo_lines": "0",
      "sloc_total_lines": "380",
      "sonarts_classes": "0",
      "sonarts_cognitiveComplexity": "100",
      "sonarts_commentLines": "35",
      "sonarts_complexity": "90",
      "sonarts_executableLines": "107",
      "sonarts_functions": "14",
      "sonarts_ncloc": "315",
      "sonarts_nosonarLines": "0",
      "sonarts_statements": "107",
    },
    "path": "test/sample-projects/javascript/prettier/language-handlebars/printer-glimmer.js",
  },
  AnalyzedFile {
    "metrics": Object {
      "sloc_block_lines": "0",
      "sloc_comment_lines": "1",
      "sloc_empty_lines": "18",
      "sloc_mixed_lines": "0",
      "sloc_single_lines": "1",
      "sloc_source_lines": "117",
      "sloc_todo_lines": "0",
      "sloc_total_lines": "136",
      "sonarts_classes": "1",
      "sonarts_cognitiveComplexity": "37",
      "sonarts_commentLines": "1",
      "sonarts_complexity": "40",
      "sonarts_executableLines": "51",
      "sonarts_functions": "11",
      "sonarts_ncloc": "117",
      "sonarts_nosonarLines": "0",
      "sonarts_statements": "51",
    },
    "path": "test/sample-projects/javascript/prettier/language-html/ast.js",
  },
  AnalyzedFile {
    "metrics": Object {
      "sloc_block_lines": "0",
      "sloc_comment_lines": "1",
      "sloc_empty_lines": "5",
      "sloc_mixed_lines": "0",
      "sloc_single_lines": "1",
      "sloc_source_lines": "20",
      "sloc_todo_lines": "0",
      "sloc_total_lines": "26",
      "sonarts_classes": "0",
      "sonarts_cognitiveComplexity": "10",
      "sonarts_commentLines": "1",
      "sonarts_complexity": "7",
      "sonarts_executableLines": "15",
      "sonarts_functions": "1",
      "sonarts_ncloc": "20",
      "sonarts_nosonarLines": "0",
      "sonarts_statements": "15",
    },
    "path": "test/sample-projects/javascript/prettier/language-html/clean.js",
  },
  AnalyzedFile {
    "metrics": Object {
      "sloc_block_lines": "1",
      "sloc_comment_lines": "5",
      "sloc_empty_lines": "8",
      "sloc_mixed_lines": "1",
      "sloc_single_lines": "4",
      "sloc_source_lines": "68",
      "sloc_todo_lines": "0",
      "sloc_total_lines": "80",
      "sonarts_classes": "0",
      "sonarts_cognitiveComplexity": "8",
      "sonarts_commentLines": "5",
      "sonarts_complexity": "8",
      "sonarts_executableLines": "26",
      "sonarts_functions": "5",
      "sonarts_ncloc": "68",
      "sonarts_nosonarLines": "0",
      "sonarts_statements": "26",
    },
    "path": "test/sample-projects/javascript/prettier/language-html/conditional-comment.js",
  },
  AnalyzedFile {
    "metrics": Object {
      "sloc_block_lines": "0",
      "sloc_comment_lines": "3",
      "sloc_empty_lines": "6",
      "sloc_mixed_lines": "0",
      "sloc_single_lines": "3",
      "sloc_source_lines": "33",
      "sloc_todo_lines": "1",
      "sloc_total_lines": "42",
      "sonarts_classes": "0",
      "sonarts_cognitiveComplexity": "0",
      "sonarts_commentLines": "3",
      "sonarts_complexity": "7",
      "sonarts_executableLines": "10",
      "sonarts_functions": "7",
      "sonarts_ncloc": "33",
      "sonarts_nosonarLines": "0",
      "sonarts_statements": "10",
    },
    "path": "test/sample-projects/javascript/prettier/language-html/constants.evaluate.js",
  },
  AnalyzedFile {
    "metrics": Object {
      "sloc_block_lines": "0",
      "sloc_comment_lines": "0",
      "sloc_empty_lines": "5",
      "sloc_mixed_lines": "0",
      "sloc_single_lines": "0",
      "sloc_source_lines": "38",
      "sloc_todo_lines": "0",
      "sloc_total_lines": "43",
      "sonarts_classes": "0",
      "sonarts_cognitiveComplexity": "0",
      "sonarts_commentLines": "0",
      "sonarts_complexity": "0",
      "sonarts_executableLines": "7",
      "sonarts_functions": "0",
      "sonarts_ncloc": "38",
      "sonarts_nosonarLines": "0",
      "sonarts_statements": "7",
    },
    "path": "test/sample-projects/javascript/prettier/language-html/index.js",
  },
  AnalyzedFile {
    "metrics": Object {
      "sloc_block_lines": "0",
      "sloc_comment_lines": "1",
      "sloc_empty_lines": "2",
      "sloc_mixed_lines": "0",
      "sloc_single_lines": "1",
      "sloc_source_lines": "25",
      "sloc_todo_lines": "0",
      "sloc_total_lines": "28",
      "sonarts_classes": "0",
      "sonarts_cognitiveComplexity": "0",
      "sonarts_commentLines": "1",
      "sonarts_complexity": "0",
      "sonarts_executableLines": "3",
      "sonarts_functions": "0",
      "sonarts_ncloc": "25",
      "sonarts_nosonarLines": "0",
      "sonarts_statements": "3",
    },
    "path": "test/sample-projects/javascript/prettier/language-html/options.js",
  },
  AnalyzedFile {
    "metrics": Object {
      "sloc_block_lines": "0",
      "sloc_comment_lines": "1",
      "sloc_empty_lines": "28",
      "sloc_mixed_lines": "1",
      "sloc_single_lines": "1",
      "sloc_source_lines": "242",
      "sloc_todo_lines": "0",
      "sloc_total_lines": "270",
      "sonarts_classes": "1",
      "sonarts_cognitiveComplexity": "76",
      "sonarts_commentLines": "1",
      "sonarts_complexity": "60",
      "sonarts_executableLines": "115",
      "sonarts_functions": "22",
      "sonarts_ncloc": "242",
      "sonarts_nosonarLines": "0",
      "sonarts_statements": "115",
    },
    "path": "test/sample-projects/javascript/prettier/language-html/parser-html.js",
  },
  AnalyzedFile {
    "metrics": Object {
      "sloc_block_lines": "0",
      "sloc_comment_lines": "0",
      "sloc_empty_lines": "3",
      "sloc_mixed_lines": "0",
      "sloc_single_lines": "0",
      "sloc_source_lines": "11",
      "sloc_todo_lines": "0",
      "sloc_total_lines": "14",
      "sonarts_classes": "0",
      "sonarts_cognitiveComplexity": "0",
      "sonarts_commentLines": "0",
      "sonarts_complexity": "2",
      "sonarts_executableLines": "4",
      "sonarts_functions": "2",
      "sonarts_ncloc": "11",
      "sonarts_nosonarLines": "0",
      "sonarts_statements": "4",
    },
    "path": "test/sample-projects/javascript/prettier/language-html/pragma.js",
  },
  AnalyzedFile {
    "metrics": Object {
      "sloc_block_lines": "22",
      "sloc_comment_lines": "28",
      "sloc_empty_lines": "49",
      "sloc_mixed_lines": "8",
      "sloc_single_lines": "6",
      "sloc_source_lines": "384",
      "sloc_todo_lines": "0",
      "sloc_total_lines": "453",
      "sonarts_classes": "0",
      "sonarts_cognitiveComplexity": "132",
      "sonarts_commentLines": "28",
      "sonarts_complexity": "102",
      "sonarts_executableLines": "130",
      "sonarts_functions": "28",
      "sonarts_ncloc": "384",
      "sonarts_nosonarLines": "0",
      "sonarts_statements": "130",
    },
    "path": "test/sample-projects/javascript/prettier/language-html/preprocess.js",
  },
  AnalyzedFile {
    "metrics": Object {
      "sloc_block_lines": "138",
      "sloc_comment_lines": "148",
      "sloc_empty_lines": "59",
      "sloc_mixed_lines": "3",
      "sloc_single_lines": "10",
      "sloc_source_lines": "792",
      "sloc_todo_lines": "0",
      "sloc_total_lines": "996",
      "sonarts_classes": "0",
      "sonarts_cognitiveComplexity": "307",
      "sonarts_commentLines": "148",
      "sonarts_complexity": "253",
      "sonarts_executableLines": "185",
      "sonarts_functions": "46",
      "sonarts_ncloc": "792",
      "sonarts_nosonarLines": "0",
      "sonarts_statements": "185",
    },
    "path": "test/sample-projects/javascript/prettier/language-html/printer-html.js",
  },
  AnalyzedFile {
    "metrics": Object {
      "sloc_block_lines": "0",
      "sloc_comment_lines": "0",
      "sloc_empty_lines": "13",
      "sloc_mixed_lines": "0",
      "sloc_single_lines": "0",
      "sloc_source_lines": "51",
      "sloc_todo_lines": "0",
      "sloc_total_lines": "64",
      "sonarts_classes": "0",
      "sonarts_cognitiveComplexity": "13",
      "sonarts_commentLines": "0",
      "sonarts_complexity": "20",
      "sonarts_executableLines": "30",
      "sonarts_functions": "12",
      "sonarts_ncloc": "51",
      "sonarts_nosonarLines": "0",
      "sonarts_statements": "30",
    },
    "path": "test/sample-projects/javascript/prettier/language-html/syntax-attribute.js",
  },
  AnalyzedFile {
    "metrics": Object {
      "sloc_block_lines": "6",
      "sloc_comment_lines": "7",
      "sloc_empty_lines": "7",
      "sloc_mixed_lines": "0",
      "sloc_single_lines": "1",
      "sloc_source_lines": "58",
      "sloc_todo_lines": "0",
      "sloc_total_lines": "72",
      "sonarts_classes": "0",
      "sonarts_cognitiveComplexity": "5",
      "sonarts_commentLines": "7",
      "sonarts_complexity": "6",
      "sonarts_executableLines": "23",
      "sonarts_functions": "3",
      "sonarts_ncloc": "58",
      "sonarts_nosonarLines": "0",
      "sonarts_statements": "23",
    },
    "path": "test/sample-projects/javascript/prettier/language-html/syntax-vue.js",
  },
  AnalyzedFile {
    "metrics": Object {
      "sloc_block_lines": "26",
      "sloc_comment_lines": "32",
      "sloc_empty_lines": "106",
      "sloc_mixed_lines": "0",
      "sloc_single_lines": "6",
      "sloc_source_lines": "541",
      "sloc_todo_lines": "1",
      "sloc_total_lines": "679",
      "sonarts_classes": "0",
      "sonarts_cognitiveComplexity": "158",
      "sonarts_commentLines": "32",
      "sonarts_complexity": "222",
      "sonarts_executableLines": "186",
      "sonarts_functions": "56",
      "sonarts_ncloc": "541",
      "sonarts_nosonarLines": "0",
      "sonarts_statements": "186",
    },
    "path": "test/sample-projects/javascript/prettier/language-html/utils.js",
  },
  AnalyzedFile {
    "metrics": Object {
      "sloc_block_lines": "0",
      "sloc_comment_lines": "18",
      "sloc_empty_lines": "19",
      "sloc_mixed_lines": "0",
      "sloc_single_lines": "18",
      "sloc_source_lines": "167",
      "sloc_todo_lines": "0",
      "sloc_total_lines": "204",
      "sonarts_classes": "0",
      "sonarts_cognitiveComplexity": "53",
      "sonarts_commentLines": "18",
      "sonarts_complexity": "77",
      "sonarts_executableLines": "53",
      "sonarts_functions": "14",
      "sonarts_ncloc": "167",
      "sonarts_nosonarLines": "0",
      "sonarts_statements": "53",
    },
    "path": "test/sample-projects/javascript/prettier/language-js/clean.js",
  },
  AnalyzedFile {
    "metrics": Object {
      "sloc_block_lines": "0",
      "sloc_comment_lines": "47",
      "sloc_empty_lines": "62",
      "sloc_mixed_lines": "0",
      "sloc_single_lines": "47",
      "sloc_source_lines": "757",
      "sloc_todo_lines": "0",
      "sloc_total_lines": "866",
      "sonarts_classes": "0",
      "sonarts_cognitiveComplexity": "140",
      "sonarts_commentLines": "47",
      "sonarts_complexity": "242",
      "sonarts_executableLines": "199",
      "sonarts_functions": "33",
      "sonarts_ncloc": "757",
      "sonarts_nosonarLines": "0",
      "sonarts_statements": "199",
    },
    "path": "test/sample-projects/javascript/prettier/language-js/comments.js",
  },
  AnalyzedFile {
    "metrics": Object {
      "sloc_block_lines": "53",
      "sloc_comment_lines": "82",
      "sloc_empty_lines": "80",
      "sloc_mixed_lines": "1",
      "sloc_single_lines": "29",
      "sloc_source_lines": "478",
      "sloc_todo_lines": "0",
      "sloc_total_lines": "639",
      "sonarts_classes": "0",
      "sonarts_cognitiveComplexity": "153",
      "sonarts_commentLines": "82",
      "sonarts_complexity": "168",
      "sonarts_executableLines": "187",
      "sonarts_functions": "46",
      "sonarts_ncloc": "478",
      "sonarts_nosonarLines": "0",
      "sonarts_statements": "187",
    },
    "path": "test/sample-projects/javascript/prettier/language-js/embed.js",
  },
  AnalyzedFile {
    "metrics": Object {
      "sloc_block_lines": "0",
      "sloc_comment_lines": "0",
      "sloc_empty_lines": "7",
      "sloc_mixed_lines": "0",
      "sloc_single_lines": "0",
      "sloc_source_lines": "43",
      "sloc_todo_lines": "0",
      "sloc_total_lines": "50",
      "sonarts_classes": "0",
      "sonarts_cognitiveComplexity": "11",
      "sonarts_commentLines": "0",
      "sonarts_complexity": "10",
      "sonarts_executableLines": "14",
      "sonarts_functions": "3",
      "sonarts_ncloc": "43",
      "sonarts_nosonarLines": "0",
      "sonarts_statements": "14",
    },
    "path": "test/sample-projects/javascript/prettier/language-js/html-binding.js",
  },
  AnalyzedFile {
    "metrics": Object {
      "sloc_block_lines": "0",
      "sloc_comment_lines": "1",
      "sloc_empty_lines": "6",
      "sloc_mixed_lines": "1",
      "sloc_single_lines": "1",
      "sloc_source_lines": "88",
      "sloc_todo_lines": "0",
      "sloc_total_lines": "94",
      "sonarts_classes": "0",
      "sonarts_cognitiveComplexity": "0",
      "sonarts_commentLines": "1",
      "sonarts_complexity": "0",
      "sonarts_executableLines": "8",
      "sonarts_functions": "0",
      "sonarts_ncloc": "88",
      "sonarts_nosonarLines": "0",
      "sonarts_statements": "8",
    },
    "path": "test/sample-projects/javascript/prettier/language-js/index.js",
  },
  AnalyzedFile {
    "metrics": Object {
      "sloc_block_lines": "0",
      "sloc_comment_lines": "1",
      "sloc_empty_lines": "10",
      "sloc_mixed_lines": "0",
      "sloc_single_lines": "1",
      "sloc_source_lines": "54",
      "sloc_todo_lines": "0",
      "sloc_total_lines": "65",
      "sonarts_classes": "0",
      "sonarts_cognitiveComplexity": "19",
      "sonarts_commentLines": "1",
      "sonarts_complexity": "24",
      "sonarts_executableLines": "28",
      "sonarts_functions": "2",
      "sonarts_ncloc": "54",
      "sonarts_nosonarLines": "0",
      "sonarts_statements": "28",
    },
    "path": "test/sample-projects/javascript/prettier/language-js/loc.js",
  },
  AnalyzedFile {
    "metrics": Object {
      "sloc_block_lines": "2",
      "sloc_comment_lines": "40",
      "sloc_empty_lines": "84",
      "sloc_mixed_lines": "5",
      "sloc_single_lines": "38",
      "sloc_source_lines": "571",
      "sloc_todo_lines": "0",
      "sloc_total_lines": "690",
      "sonarts_classes": "0",
      "sonarts_cognitiveComplexity": "182",
      "sonarts_commentLines": "40",
      "sonarts_complexity": "328",
      "sonarts_executableLines": "185",
      "sonarts_functions": "7",
      "sonarts_ncloc": "571",
      "sonarts_nosonarLines": "0",
      "sonarts_statements": "185",
    },
    "path": "test/sample-projects/javascript/prettier/language-js/needs-parens.js",
  },
  AnalyzedFile {
    "metrics": Object {
      "sloc_block_lines": "0",
      "sloc_comment_lines": "1",
      "sloc_empty_lines": "3",
      "sloc_mixed_lines": "0",
      "sloc_single_lines": "1",
      "sloc_source_lines": "72",
      "sloc_todo_lines": "0",
      "sloc_total_lines": "76",
      "sonarts_classes": "0",
      "sonarts_cognitiveComplexity": "0",
      "sonarts_commentLines": "1",
      "sonarts_complexity": "0",
      "sonarts_executableLines": "4",
      "sonarts_functions": "0",
      "sonarts_ncloc": "72",
      "sonarts_nosonarLines": "0",
      "sonarts_statements": "4",
    },
    "path": "test/sample-projects/javascript/prettier/language-js/options.js",
  },
  AnalyzedFile {
    "metrics": Object {
      "sloc_block_lines": "0",
      "sloc_comment_lines": "0",
      "sloc_empty_lines": "3",
      "sloc_mixed_lines": "0",
      "sloc_single_lines": "0",
      "sloc_source_lines": "27",
      "sloc_todo_lines": "0",
      "sloc_total_lines": "30",
      "sonarts_classes": "0",
      "sonarts_cognitiveComplexity": "3",
      "sonarts_commentLines": "0",
      "sonarts_complexity": "8",
      "sonarts_executableLines": "8",
      "sonarts_functions": "6",
      "sonarts_ncloc": "27",
      "sonarts_nosonarLines": "0",
      "sonarts_statements": "8",
    },
    "path": "test/sample-projects/javascript/prettier/language-js/parser-angular.js",
  },
  AnalyzedFile {
    "metrics": Object {
      "sloc_block_lines": "2",
      "sloc_comment_lines": "11",
      "sloc_empty_lines": "15",
      "sloc_mixed_lines": "0",
      "sloc_single_lines": "9",
      "sloc_source_lines": "164",
      "sloc_todo_lines": "0",
      "sloc_total_lines": "190",
      "sonarts_classes": "0",
      "sonarts_cognitiveComplexity": "20",
      "sonarts_commentLines": "11",
      "sonarts_complexity": "29",
      "sonarts_executableLines": "48",
      "sonarts_functions": "8",
      "sonarts_ncloc": "164",
      "sonarts_nosonarLines": "0",
      "sonarts_statements": "48",
    },
    "path": "test/sample-projects/javascript/prettier/language-js/parser-babylon.js",
  },
  AnalyzedFile {
    "metrics": Object {
      "sloc_block_lines": "0",
      "sloc_comment_lines": "4",
      "sloc_empty_lines": "6",
      "sloc_mixed_lines": "1",
      "sloc_single_lines": "4",
      "sloc_source_lines": "31",
      "sloc_todo_lines": "0",
      "sloc_total_lines": "40",
      "sonarts_classes": "0",
      "sonarts_cognitiveComplexity": "1",
      "sonarts_commentLines": "4",
      "sonarts_complexity": "2",
      "sonarts_executableLines": "15",
      "sonarts_functions": "1",
      "sonarts_ncloc": "31",
      "sonarts_nosonarLines": "0",
      "sonarts_statements": "15",
    },
    "path": "test/sample-projects/javascript/prettier/language-js/parser-flow.js",
  },
  AnalyzedFile {
    "metrics": Object {
      "sloc_block_lines": "3",
      "sloc_comment_lines": "11",
      "sloc_empty_lines": "9",
      "sloc_mixed_lines": "2",
      "sloc_single_lines": "8",
      "sloc_source_lines": "56",
      "sloc_todo_lines": "0",
      "sloc_total_lines": "74",
      "sonarts_classes": "0",
      "sonarts_cognitiveComplexity": "6",
      "sonarts_commentLines": "11",
      "sonarts_complexity": "5",
      "sonarts_executableLines": "24",
      "sonarts_functions": "4",
      "sonarts_ncloc": "56",
      "sonarts_nosonarLines": "0",
      "sonarts_statements": "24",
    },
    "path": "test/sample-projects/javascript/prettier/language-js/parser-typescript.js",
  },
  AnalyzedFile {
    "metrics": Object {
      "sloc_block_lines": "4",
      "sloc_comment_lines": "5",
      "sloc_empty_lines": "11",
      "sloc_mixed_lines": "0",
      "sloc_single_lines": "1",
      "sloc_source_lines": "54",
      "sloc_todo_lines": "0",
      "sloc_total_lines": "70",
      "sonarts_classes": "0",
      "sonarts_cognitiveComplexity": "17",
      "sonarts_commentLines": "5",
      "sonarts_complexity": "17",
      "sonarts_executableLines": "28",
      "sonarts_functions": "5",
      "sonarts_ncloc": "54",
      "sonarts_nosonarLines": "0",
      "sonarts_statements": "28",
    },
    "path": "test/sample-projects/javascript/prettier/language-js/postprocess.js",
  },
  AnalyzedFile {
    "metrics": Object {
      "sloc_block_lines": "0",
      "sloc_comment_lines": "2",
      "sloc_empty_lines": "4",
      "sloc_mixed_lines": "2",
      "sloc_single_lines": "2",
      "sloc_source_lines": "23",
      "sloc_todo_lines": "0",
      "sloc_total_lines": "27",
      "sonarts_classes": "0",
      "sonarts_cognitiveComplexity": "2",
      "sonarts_commentLines": "2",
      "sonarts_complexity": "4",
      "sonarts_executableLines": "11",
      "sonarts_functions": "2",
      "sonarts_ncloc": "23",
      "sonarts_nosonarLines": "0",
      "sonarts_statements": "11",
    },
    "path": "test/sample-projects/javascript/prettier/language-js/pragma.js",
  },
  AnalyzedFile {
    "metrics": Object {
      "sloc_block_lines": "0",
      "sloc_comment_lines": "0",
      "sloc_empty_lines": "2",
      "sloc_mixed_lines": "0",
      "sloc_single_lines": "0",
      "sloc_source_lines": "18",
      "sloc_todo_lines": "0",
      "sloc_total_lines": "20",
      "sonarts_classes": "0",
      "sonarts_cognitiveComplexity": "3",
      "sonarts_commentLines": "0",
      "sonarts_complexity": "7",
      "sonarts_executableLines": "5",
      "sonarts_functions": "1",
      "sonarts_ncloc": "18",
      "sonarts_nosonarLines": "0",
      "sonarts_statements": "5",
    },
    "path": "test/sample-projects/javascript/prettier/language-js/preprocess.js",
  },
  AnalyzedFile {
    "metrics": Object {
      "sloc_block_lines": "2",
      "sloc_comment_lines": "2",
      "sloc_empty_lines": "5",
      "sloc_mixed_lines": "1",
      "sloc_single_lines": "0",
      "sloc_source_lines": "74",
      "sloc_todo_lines": "0",
      "sloc_total_lines": "80",
      "sonarts_classes": "0",
      "sonarts_cognitiveComplexity": "12",
      "sonarts_commentLines": "2",
      "sonarts_complexity": "19",
      "sonarts_executableLines": "25",
      "sonarts_functions": "2",
      "sonarts_ncloc": "74",
      "sonarts_nosonarLines": "0",
      "sonarts_statements": "25",
    },
    "path": "test/sample-projects/javascript/prettier/language-js/printer-estree-json.js",
  },
  AnalyzedFile {
    "metrics": Object {
      "sloc_block_lines": "116",
      "sloc_comment_lines": "685",
      "sloc_empty_lines": "633",
      "sloc_mixed_lines": "63",
      "sloc_single_lines": "569",
      "sloc_source_lines": "5200",
      "sloc_todo_lines": "2",
      "sloc_total_lines": "6455",
      "sonarts_classes": "0",
      "sonarts_cognitiveComplexity": "1626",
      "sonarts_commentLines": "651",
      "sonarts_complexity": "1842",
      "sonarts_executableLines": "1708",
      "sonarts_functions": "230",
      "sonarts_ncloc": "5232",
      "sonarts_nosonarLines": "0",
      "sonarts_statements": "1708",
    },
    "path": "test/sample-projects/javascript/prettier/language-js/printer-estree.js",
  },
  AnalyzedFile {
    "metrics": Object {
      "sloc_block_lines": "0",
      "sloc_comment_lines": "11",
      "sloc_empty_lines": "6",
      "sloc_mixed_lines": "0",
      "sloc_single_lines": "11",
      "sloc_source_lines": "34",
      "sloc_todo_lines": "0",
      "sloc_total_lines": "51",
      "sonarts_classes": "0",
      "sonarts_cognitiveComplexity": "6",
      "sonarts_commentLines": "11",
      "sonarts_complexity": "13",
      "sonarts_executableLines": "13",
      "sonarts_functions": "5",
      "sonarts_ncloc": "34",
      "sonarts_nosonarLines": "0",
      "sonarts_statements": "13",
    },
    "path": "test/sample-projects/javascript/prettier/language-js/utils.js",
  },
  AnalyzedFile {
    "metrics": Object {
      "sloc_block_lines": "8",
      "sloc_comment_lines": "11",
      "sloc_empty_lines": "7",
      "sloc_mixed_lines": "8",
      "sloc_single_lines": "3",
      "sloc_source_lines": "45",
      "sloc_todo_lines": "0",
      "sloc_total_lines": "55",
      "sonarts_classes": "0",
      "sonarts_cognitiveComplexity": "0",
      "sonarts_commentLines": "11",
      "sonarts_complexity": "0",
      "sonarts_executableLines": "10",
      "sonarts_functions": "0",
      "sonarts_ncloc": "45",
      "sonarts_nosonarLines": "0",
      "sonarts_statements": "10",
    },
    "path": "test/sample-projects/javascript/prettier/language-markdown/constants.evaluate.js",
  },
  AnalyzedFile {
    "metrics": Object {
      "sloc_block_lines": "0",
      "sloc_comment_lines": "2",
      "sloc_empty_lines": "10",
      "sloc_mixed_lines": "0",
      "sloc_single_lines": "2",
      "sloc_source_lines": "84",
      "sloc_todo_lines": "0",
      "sloc_total_lines": "96",
      "sonarts_classes": "0",
      "sonarts_cognitiveComplexity": "25",
      "sonarts_commentLines": "2",
      "sonarts_complexity": "24",
      "sonarts_executableLines": "28",
      "sonarts_functions": "7",
      "sonarts_ncloc": "84",
      "sonarts_nosonarLines": "0",
      "sonarts_statements": "28",
    },
    "path": "test/sample-projects/javascript/prettier/language-markdown/embed.js",
  },
  AnalyzedFile {
    "metrics": Object {
      "sloc_block_lines": "0",
      "sloc_comment_lines": "1",
      "sloc_empty_lines": "4",
      "sloc_mixed_lines": "1",
      "sloc_single_lines": "1",
      "sloc_source_lines": "34",
      "sloc_todo_lines": "1",
      "sloc_total_lines": "38",
      "sonarts_classes": "0",
      "sonarts_cognitiveComplexity": "0",
      "sonarts_commentLines": "1",
      "sonarts_complexity": "0",
      "sonarts_executableLines": "7",
      "sonarts_functions": "0",
      "sonarts_ncloc": "34",
      "sonarts_nosonarLines": "0",
      "sonarts_statements": "7",
    },
    "path": "test/sample-projects/javascript/prettier/language-markdown/index.js",
  },
  AnalyzedFile {
    "metrics": Object {
      "sloc_block_lines": "24",
      "sloc_comment_lines": "24",
      "sloc_empty_lines": "10",
      "sloc_mixed_lines": "1",
      "sloc_single_lines": "0",
      "sloc_source_lines": "31",
      "sloc_todo_lines": "0",
      "sloc_total_lines": "64",
      "sonarts_classes": "0",
      "sonarts_cognitiveComplexity": "9",
      "sonarts_commentLines": "24",
      "sonarts_complexity": "10",
      "sonarts_executableLines": "20",
      "sonarts_functions": "5",
      "sonarts_ncloc": "31",
      "sonarts_nosonarLines": "0",
      "sonarts_statements": "20",
    },
    "path": "test/sample-projects/javascript/prettier/language-markdown/mdx.js",
  },
  AnalyzedFile {
    "metrics": Object {
      "sloc_block_lines": "0",
      "sloc_comment_lines": "1",
      "sloc_empty_lines": "2",
      "sloc_mixed_lines": "0",
      "sloc_single_lines": "1",
      "sloc_source_lines": "6",
      "sloc_todo_lines": "0",
      "sloc_total_lines": "9",
      "sonarts_classes": "0",
      "sonarts_cognitiveComplexity": "0",
      "sonarts_commentLines": "1",
      "sonarts_complexity": "0",
      "sonarts_executableLines": "3",
      "sonarts_functions": "0",
      "sonarts_ncloc": "6",
      "sonarts_nosonarLines": "0",
      "sonarts_statements": "3",
    },
    "path": "test/sample-projects/javascript/prettier/language-markdown/options.js",
  },
  AnalyzedFile {
    "metrics": Object {
      "sloc_block_lines": "14",
      "sloc_comment_lines": "17",
      "sloc_empty_lines": "15",
      "sloc_mixed_lines": "1",
      "sloc_single_lines": "3",
      "sloc_source_lines": "95",
      "sloc_todo_lines": "1",
      "sloc_total_lines": "126",
      "sonarts_classes": "0",
      "sonarts_cognitiveComplexity": "11",
      "sonarts_commentLines": "17",
      "sonarts_complexity": "22",
      "sonarts_executableLines": "36",
      "sonarts_functions": "14",
      "sonarts_ncloc": "95",
      "sonarts_nosonarLines": "0",
      "sonarts_statements": "36",
    },
    "path": "test/sample-projects/javascript/prettier/language-markdown/parser-markdown.js",
  },
  AnalyzedFile {
    "metrics": Object {
      "sloc_block_lines": "0",
      "sloc_comment_lines": "0",
      "sloc_empty_lines": "4",
      "sloc_mixed_lines": "0",
      "sloc_single_lines": "0",
      "sloc_source_lines": "26",
      "sloc_todo_lines": "0",
      "sloc_total_lines": "30",
      "sonarts_classes": "0",
      "sonarts_cognitiveComplexity": "3",
      "sonarts_commentLines": "0",
      "sonarts_complexity": "5",
      "sonarts_executableLines": "11",
      "sonarts_functions": "3",
      "sonarts_ncloc": "26",
      "sonarts_nosonarLines": "0",
      "sonarts_statements": "11",
    },
    "path": "test/sample-projects/javascript/prettier/language-markdown/pragma.js",
  },
  AnalyzedFile {
    "metrics": Object {
      "sloc_block_lines": "47",
      "sloc_comment_lines": "52",
      "sloc_empty_lines": "36",
      "sloc_mixed_lines": "1",
      "sloc_single_lines": "5",
      "sloc_source_lines": "191",
      "sloc_todo_lines": "0",
      "sloc_total_lines": "278",
      "sonarts_classes": "0",
      "sonarts_cognitiveComplexity": "67",
      "sonarts_commentLines": "52",
      "sonarts_complexity": "59",
      "sonarts_executableLines": "85",
      "sonarts_functions": "24",
      "sonarts_ncloc": "191",
      "sonarts_nosonarLines": "0",
      "sonarts_statements": "85",
    },
    "path": "test/sample-projects/javascript/prettier/language-markdown/preprocess.js",
  },
  AnalyzedFile {
    "metrics": Object {
      "sloc_block_lines": "5",
      "sloc_comment_lines": "29",
      "sloc_empty_lines": "102",
      "sloc_mixed_lines": "13",
      "sloc_single_lines": "24",
      "sloc_source_lines": "839",
      "sloc_todo_lines": "0",
      "sloc_total_lines": "957",
      "sonarts_classes": "0",
      "sonarts_cognitiveComplexity": "236",
      "sonarts_commentLines": "29",
      "sonarts_complexity": "257",
      "sonarts_executableLines": "274",
      "sonarts_functions": "54",
      "sonarts_ncloc": "843",
      "sonarts_nosonarLines": "0",
      "sonarts_statements": "274",
    },
    "path": "test/sample-projects/javascript/prettier/language-markdown/printer-markdown.js",
  },
  AnalyzedFile {
    "metrics": Object {
      "sloc_block_lines": "5",
      "sloc_comment_lines": "15",
      "sloc_empty_lines": "26",
      "sloc_mixed_lines": "1",
      "sloc_single_lines": "10",
      "sloc_source_lines": "157",
      "sloc_todo_lines": "0",
      "sloc_total_lines": "197",
      "sonarts_classes": "0",
      "sonarts_cognitiveComplexity": "45",
      "sonarts_commentLines": "15",
      "sonarts_complexity": "42",
      "sonarts_executableLines": "52",
      "sonarts_functions": "13",
      "sonarts_ncloc": "159",
      "sonarts_nosonarLines": "0",
      "sonarts_statements": "52",
    },
    "path": "test/sample-projects/javascript/prettier/language-markdown/utils.js",
  },
  AnalyzedFile {
    "metrics": Object {
      "sloc_block_lines": "0",
      "sloc_comment_lines": "0",
      "sloc_empty_lines": "3",
      "sloc_mixed_lines": "0",
      "sloc_single_lines": "0",
      "sloc_source_lines": "18",
      "sloc_todo_lines": "0",
      "sloc_total_lines": "21",
      "sonarts_classes": "0",
      "sonarts_cognitiveComplexity": "0",
      "sonarts_commentLines": "0",
      "sonarts_complexity": "0",
      "sonarts_executableLines": "6",
      "sonarts_functions": "0",
      "sonarts_ncloc": "18",
      "sonarts_nosonarLines": "0",
      "sonarts_statements": "6",
    },
    "path": "test/sample-projects/javascript/prettier/language-yaml/index.js",
  },
  AnalyzedFile {
    "metrics": Object {
      "sloc_block_lines": "0",
      "sloc_comment_lines": "1",
      "sloc_empty_lines": "2",
      "sloc_mixed_lines": "0",
      "sloc_single_lines": "1",
      "sloc_source_lines": "7",
      "sloc_todo_lines": "0",
      "sloc_total_lines": "10",
      "sonarts_classes": "0",
      "sonarts_cognitiveComplexity": "0",
      "sonarts_commentLines": "1",
      "sonarts_complexity": "0",
      "sonarts_executableLines": "3",
      "sonarts_functions": "0",
      "sonarts_ncloc": "7",
      "sonarts_nosonarLines": "0",
      "sonarts_statements": "3",
    },
    "path": "test/sample-projects/javascript/prettier/language-yaml/options.js",
  },
  AnalyzedFile {
    "metrics": Object {
      "sloc_block_lines": "6",
      "sloc_comment_lines": "8",
      "sloc_empty_lines": "7",
      "sloc_mixed_lines": "0",
      "sloc_single_lines": "2",
      "sloc_source_lines": "28",
      "sloc_todo_lines": "0",
      "sloc_total_lines": "43",
      "sonarts_classes": "0",
      "sonarts_cognitiveComplexity": "6",
      "sonarts_commentLines": "8",
      "sonarts_complexity": "7",
      "sonarts_executableLines": "10",
      "sonarts_functions": "4",
      "sonarts_ncloc": "28",
      "sonarts_nosonarLines": "0",
      "sonarts_statements": "10",
    },
    "path": "test/sample-projects/javascript/prettier/language-yaml/parser-yaml.js",
  },
  AnalyzedFile {
    "metrics": Object {
      "sloc_block_lines": "0",
      "sloc_comment_lines": "0",
      "sloc_empty_lines": "4",
      "sloc_mixed_lines": "0",
      "sloc_single_lines": "0",
      "sloc_source_lines": "15",
      "sloc_todo_lines": "0",
      "sloc_total_lines": "19",
      "sonarts_classes": "0",
      "sonarts_cognitiveComplexity": "0",
      "sonarts_commentLines": "0",
      "sonarts_complexity": "3",
      "sonarts_executableLines": "5",
      "sonarts_functions": "3",
      "sonarts_ncloc": "15",
      "sonarts_nosonarLines": "0",
      "sonarts_statements": "5",
    },
    "path": "test/sample-projects/javascript/prettier/language-yaml/pragma.js",
  },
  AnalyzedFile {
    "metrics": Object {
      "sloc_block_lines": "25",
      "sloc_comment_lines": "36",
      "sloc_empty_lines": "43",
      "sloc_mixed_lines": "5",
      "sloc_single_lines": "11",
      "sloc_source_lines": "635",
      "sloc_todo_lines": "0",
      "sloc_total_lines": "709",
      "sonarts_classes": "0",
      "sonarts_cognitiveComplexity": "230",
      "sonarts_commentLines": "36",
      "sonarts_complexity": "217",
      "sonarts_executableLines": "134",
      "sonarts_functions": "30",
      "sonarts_ncloc": "635",
      "sonarts_nosonarLines": "0",
      "sonarts_statements": "134",
    },
    "path": "test/sample-projects/javascript/prettier/language-yaml/printer-yaml.js",
  },
  AnalyzedFile {
    "metrics": Object {
      "sloc_block_lines": "7",
      "sloc_comment_lines": "11",
      "sloc_empty_lines": "46",
      "sloc_mixed_lines": "2",
      "sloc_single_lines": "4",
      "sloc_source_lines": "287",
      "sloc_todo_lines": "0",
      "sloc_total_lines": "342",
      "sonarts_classes": "0",
      "sonarts_cognitiveComplexity": "101",
      "sonarts_commentLines": "11",
      "sonarts_complexity": "118",
      "sonarts_executableLines": "82",
      "sonarts_functions": "35",
      "sonarts_ncloc": "289",
      "sonarts_nosonarLines": "0",
      "sonarts_statements": "82",
    },
    "path": "test/sample-projects/javascript/prettier/language-yaml/utils.js",
  },
  AnalyzedFile {
    "metrics": Object {
      "sloc_block_lines": "22",
      "sloc_comment_lines": "31",
      "sloc_empty_lines": "18",
      "sloc_mixed_lines": "0",
      "sloc_single_lines": "9",
      "sloc_source_lines": "80",
      "sloc_todo_lines": "0",
      "sloc_total_lines": "129",
      "sonarts_classes": "0",
      "sonarts_cognitiveComplexity": "20",
      "sonarts_commentLines": "31",
      "sonarts_complexity": "19",
      "sonarts_executableLines": "45",
      "sonarts_functions": "4",
      "sonarts_ncloc": "80",
      "sonarts_nosonarLines": "0",
      "sonarts_statements": "45",
    },
    "path": "test/sample-projects/javascript/prettier/main/ast-to-doc.js",
  },
  AnalyzedFile {
    "metrics": Object {
      "sloc_block_lines": "5",
      "sloc_comment_lines": "71",
      "sloc_empty_lines": "63",
      "sloc_mixed_lines": "1",
      "sloc_single_lines": "66",
      "sloc_source_lines": "397",
      "sloc_todo_lines": "0",
      "sloc_total_lines": "530",
      "sonarts_classes": "0",
      "sonarts_cognitiveComplexity": "145",
      "sonarts_commentLines": "71",
      "sonarts_complexity": "124",
      "sonarts_executableLines": "210",
      "sonarts_functions": "23",
      "sonarts_ncloc": "397",
      "sonarts_nosonarLines": "0",
      "sonarts_statements": "210",
    },
    "path": "test/sample-projects/javascript/prettier/main/comments.js",
  },
  AnalyzedFile {
    "metrics": Object {
      "sloc_block_lines": "39",
      "sloc_comment_lines": "39",
      "sloc_empty_lines": "4",
      "sloc_mixed_lines": "0",
      "sloc_single_lines": "0",
      "sloc_source_lines": "226",
      "sloc_todo_lines": "0",
      "sloc_total_lines": "269",
      "sonarts_classes": "0",
      "sonarts_cognitiveComplexity": "3",
      "sonarts_commentLines": "39",
      "sonarts_complexity": "6",
      "sonarts_executableLines": "11",
      "sonarts_functions": "3",
      "sonarts_ncloc": "258",
      "sonarts_nosonarLines": "0",
      "sonarts_statements": "11",
    },
    "path": "test/sample-projects/javascript/prettier/main/core-options.js",
  },
  AnalyzedFile {
    "metrics": Object {
      "sloc_block_lines": "0",
      "sloc_comment_lines": "15",
      "sloc_empty_lines": "53",
      "sloc_mixed_lines": "0",
      "sloc_single_lines": "15",
      "sloc_source_lines": "231",
      "sloc_todo_lines": "0",
      "sloc_total_lines": "299",
      "sonarts_classes": "0",
      "sonarts_cognitiveComplexity": "50",
      "sonarts_commentLines": "15",
      "sonarts_complexity": "49",
      "sonarts_executableLines": "137",
      "sonarts_functions": "12",
      "sonarts_ncloc": "231",
      "sonarts_nosonarLines": "0",
      "sonarts_statements": "137",
    },
    "path": "test/sample-projects/javascript/prettier/main/core.js",
  },
  AnalyzedFile {
    "metrics": Object {
      "sloc_block_lines": "0",
      "sloc_comment_lines": "0",
      "sloc_empty_lines": "6",
      "sloc_mixed_lines": "0",
      "sloc_single_lines": "0",
      "sloc_source_lines": "26",
      "sloc_todo_lines": "0",
      "sloc_total_lines": "32",
      "sonarts_classes": "0",
      "sonarts_cognitiveComplexity": "11",
      "sonarts_commentLines": "0",
      "sonarts_complexity": "11",
      "sonarts_executableLines": "17",
      "sonarts_functions": "3",
      "sonarts_ncloc": "26",
      "sonarts_nosonarLines": "0",
      "sonarts_statements": "17",
    },
    "path": "test/sample-projects/javascript/prettier/main/massage-ast.js",
  },
  AnalyzedFile {
    "metrics": Object {
      "sloc_block_lines": "0",
      "sloc_comment_lines": "0",
      "sloc_empty_lines": "6",
      "sloc_mixed_lines": "0",
      "sloc_single_lines": "0",
      "sloc_source_lines": "33",
      "sloc_todo_lines": "0",
      "sloc_total_lines": "39",
      "sonarts_classes": "0",
      "sonarts_cognitiveComplexity": "1",
      "sonarts_commentLines": "0",
      "sonarts_complexity": "4",
      "sonarts_executableLines": "14",
      "sonarts_functions": "3",
      "sonarts_ncloc": "33",
      "sonarts_nosonarLines": "0",
      "sonarts_statements": "14",
    },
    "path": "test/sample-projects/javascript/prettier/main/multiparser.js",
  },
  AnalyzedFile {
    "metrics": Object {
      "sloc_block_lines": "0",
      "sloc_comment_lines": "1",
      "sloc_empty_lines": "20",
      "sloc_mixed_lines": "0",
      "sloc_single_lines": "1",
      "sloc_source_lines": "178",
      "sloc_todo_lines": "0",
      "sloc_total_lines": "199",
      "sonarts_classes": "1",
      "sonarts_cognitiveComplexity": "60",
      "sonarts_commentLines": "1",
      "sonarts_complexity": "63",
      "sonarts_executableLines": "61",
      "sonarts_functions": "23",
      "sonarts_ncloc": "178",
      "sonarts_nosonarLines": "0",
      "sonarts_statements": "61",
    },
    "path": "test/sample-projects/javascript/prettier/main/options-normalizer.js",
  },
  AnalyzedFile {
    "metrics": Object {
      "sloc_block_lines": "0",
      "sloc_comment_lines": "11",
      "sloc_empty_lines": "25",
      "sloc_mixed_lines": "0",
      "sloc_single_lines": "11",
      "sloc_source_lines": "150",
      "sloc_todo_lines": "0",
      "sloc_total_lines": "186",
      "sonarts_classes": "0",
      "sonarts_cognitiveComplexity": "30",
      "sonarts_commentLines": "11",
      "sonarts_complexity": "36",
      "sonarts_executableLines": "66",
      "sonarts_functions": "13",
      "sonarts_ncloc": "150",
      "sonarts_nosonarLines": "0",
      "sonarts_statements": "66",
    },
    "path": "test/sample-projects/javascript/prettier/main/options.js",
  },
  AnalyzedFile {
    "metrics": Object {
      "sloc_block_lines": "2",
      "sloc_comment_lines": "7",
      "sloc_empty_lines": "16",
      "sloc_mixed_lines": "0",
      "sloc_single_lines": "5",
      "sloc_source_lines": "80",
      "sloc_todo_lines": "0",
      "sloc_total_lines": "103",
      "sonarts_classes": "0",
      "sonarts_cognitiveComplexity": "16",
      "sonarts_commentLines": "7",
      "sonarts_complexity": "14",
      "sonarts_executableLines": "39",
      "sonarts_functions": "5",
      "sonarts_ncloc": "80",
      "sonarts_nosonarLines": "0",
      "sonarts_statements": "39",
    },
    "path": "test/sample-projects/javascript/prettier/main/parser.js",
  },
  AnalyzedFile {
    "metrics": Object {
      "sloc_block_lines": "0",
      "sloc_comment_lines": "14",
      "sloc_empty_lines": "15",
      "sloc_mixed_lines": "10",
      "sloc_single_lines": "14",
      "sloc_source_lines": "196",
      "sloc_todo_lines": "0",
      "sloc_total_lines": "215",
      "sonarts_classes": "0",
      "sonarts_cognitiveComplexity": "29",
      "sonarts_commentLines": "14",
      "sonarts_complexity": "34",
      "sonarts_executableLines": "53",
      "sonarts_functions": "7",
      "sonarts_ncloc": "196",
      "sonarts_nosonarLines": "0",
      "sonarts_statements": "53",
    },
    "path": "test/sample-projects/javascript/prettier/main/range-util.js",
  },
  AnalyzedFile {
    "metrics": Object {
      "sloc_block_lines": "0",
      "sloc_comment_lines": "3",
      "sloc_empty_lines": "14",
      "sloc_mixed_lines": "0",
      "sloc_single_lines": "3",
      "sloc_source_lines": "128",
      "sloc_todo_lines": "0",
      "sloc_total_lines": "145",
      "sonarts_classes": "0",
      "sonarts_cognitiveComplexity": "30",
      "sonarts_commentLines": "3",
      "sonarts_complexity": "36",
      "sonarts_executableLines": "47",
      "sonarts_functions": "14",
      "sonarts_ncloc": "128",
      "sonarts_nosonarLines": "0",
      "sonarts_statements": "47",
    },
    "path": "test/sample-projects/javascript/prettier/main/support.js",
  },
  AnalyzedFile {
    "metrics": Object {
      "sloc_block_lines": "0",
      "sloc_comment_lines": "1",
      "sloc_empty_lines": "15",
      "sloc_mixed_lines": "0",
      "sloc_single_lines": "1",
      "sloc_source_lines": "55",
      "sloc_todo_lines": "0",
      "sloc_total_lines": "71",
      "sonarts_classes": "0",
      "sonarts_cognitiveComplexity": "5",
      "sonarts_commentLines": "1",
      "sonarts_complexity": "9",
      "sonarts_executableLines": "21",
      "sonarts_functions": "5",
      "sonarts_ncloc": "55",
      "sonarts_nosonarLines": "0",
      "sonarts_statements": "21",
    },
    "path": "test/sample-projects/javascript/prettier/standalone.js",
  },
  AnalyzedFile {
    "metrics": Object {
      "sloc_block_lines": "0",
      "sloc_comment_lines": "0",
      "sloc_empty_lines": "1",
      "sloc_mixed_lines": "0",
      "sloc_single_lines": "0",
      "sloc_source_lines": "8",
      "sloc_todo_lines": "0",
      "sloc_total_lines": "9",
      "sonarts_classes": "0",
      "sonarts_cognitiveComplexity": "0",
      "sonarts_commentLines": "0",
      "sonarts_complexity": "2",
      "sonarts_executableLines": "3",
      "sonarts_functions": "2",
      "sonarts_ncloc": "8",
      "sonarts_nosonarLines": "0",
      "sonarts_statements": "3",
    },
    "path": "test/sample-projects/javascript/prettier/utils/arrayify.js",
  },
  AnalyzedFile {
    "metrics": Object {
      "sloc_block_lines": "0",
      "sloc_comment_lines": "0",
      "sloc_empty_lines": "5",
      "sloc_mixed_lines": "0",
      "sloc_single_lines": "0",
      "sloc_source_lines": "17",
      "sloc_todo_lines": "0",
      "sloc_total_lines": "22",
      "sonarts_classes": "0",
      "sonarts_cognitiveComplexity": "13",
      "sonarts_commentLines": "0",
      "sonarts_complexity": "7",
      "sonarts_executableLines": "12",
      "sonarts_functions": "1",
      "sonarts_ncloc": "17",
      "sonarts_nosonarLines": "0",
      "sonarts_statements": "12",
    },
    "path": "test/sample-projects/javascript/prettier/utils/create-language.js",
  },
  AnalyzedFile {
    "metrics": Object {
      "sloc_block_lines": "0",
      "sloc_comment_lines": "1",
      "sloc_empty_lines": "8",
      "sloc_mixed_lines": "0",
      "sloc_single_lines": "1",
      "sloc_source_lines": "27",
      "sloc_todo_lines": "0",
      "sloc_total_lines": "36",
      "sonarts_classes": "0",
      "sonarts_cognitiveComplexity": "1",
      "sonarts_commentLines": "1",
      "sonarts_complexity": "2",
      "sonarts_executableLines": "12",
      "sonarts_functions": "1",
      "sonarts_ncloc": "27",
      "sonarts_nosonarLines": "0",
      "sonarts_statements": "12",
    },
    "path": "test/sample-projects/javascript/prettier/utils/front-matter.js",
  },
  AnalyzedFile {
    "metrics": Object {
      "sloc_block_lines": "8",
      "sloc_comment_lines": "8",
      "sloc_empty_lines": "5",
      "sloc_mixed_lines": "0",
      "sloc_single_lines": "0",
      "sloc_source_lines": "27",
      "sloc_todo_lines": "0",
      "sloc_total_lines": "40",
      "sonarts_classes": "0",
      "sonarts_cognitiveComplexity": "15",
      "sonarts_commentLines": "8",
      "sonarts_complexity": "10",
      "sonarts_executableLines": "15",
      "sonarts_functions": "5",
      "sonarts_ncloc": "31",
      "sonarts_nosonarLines": "0",
      "sonarts_statements": "15",
    },
    "path": "test/sample-projects/javascript/prettier/utils/get-file-content-or-null.js",
  },
  AnalyzedFile {
    "metrics": Object {
      "sloc_block_lines": "0",
      "sloc_comment_lines": "0",
      "sloc_empty_lines": "1",
      "sloc_mixed_lines": "0",
      "sloc_single_lines": "0",
      "sloc_source_lines": "4",
      "sloc_todo_lines": "0",
      "sloc_total_lines": "5",
      "sonarts_classes": "0",
      "sonarts_cognitiveComplexity": "2",
      "sonarts_commentLines": "0",
      "sonarts_complexity": "2",
      "sonarts_executableLines": "3",
      "sonarts_functions": "1",
      "sonarts_ncloc": "4",
      "sonarts_nosonarLines": "0",
      "sonarts_statements": "3",
    },
    "path": "test/sample-projects/javascript/prettier/utils/get-last.js",
  },
  AnalyzedFile {
    "metrics": Object {
      "sloc_block_lines": "0",
      "sloc_comment_lines": "1",
      "sloc_empty_lines": "1",
      "sloc_mixed_lines": "0",
      "sloc_single_lines": "1",
      "sloc_source_lines": "11",
      "sloc_todo_lines": "0",
      "sloc_total_lines": "13",
      "sonarts_classes": "0",
      "sonarts_cognitiveComplexity": "5",
      "sonarts_commentLines": "1",
      "sonarts_complexity": "3",
      "sonarts_executableLines": "8",
      "sonarts_functions": "1",
      "sonarts_ncloc": "11",
      "sonarts_nosonarLines": "0",
      "sonarts_statements": "8",
    },
    "path": "test/sample-projects/javascript/prettier/utils/line-column-to-index.js",
  },
  AnalyzedFile {
    "metrics": Object {
      "sloc_block_lines": "0",
      "sloc_comment_lines": "0",
      "sloc_empty_lines": "2",
      "sloc_mixed_lines": "0",
      "sloc_single_lines": "0",
      "sloc_source_lines": "10",
      "sloc_todo_lines": "0",
      "sloc_total_lines": "12",
      "sonarts_classes": "0",
      "sonarts_cognitiveComplexity": "2",
      "sonarts_commentLines": "0",
      "sonarts_complexity": "1",
      "sonarts_executableLines": "7",
      "sonarts_functions": "1",
      "sonarts_ncloc": "10",
      "sonarts_nosonarLines": "0",
      "sonarts_statements": "7",
    },
    "path": "test/sample-projects/javascript/prettier/utils/load-toml.js",
  },
]
`;

exports[`CodechartaUniversalImporter should return correct analyzed files 1`] = `
Array [
  AnalyzedFile {
    "metrics": Object {
      "sloc_block_lines": "0",
      "sloc_comment_lines": "0",
      "sloc_empty_lines": "0",
      "sloc_mixed_lines": "0",
      "sloc_single_lines": "0",
      "sloc_source_lines": "1",
      "sloc_todo_lines": "0",
      "sloc_total_lines": "1",
      "sonarts_classes": "0",
      "sonarts_cognitiveComplexity": "0",
      "sonarts_commentLines": "0",
      "sonarts_complexity": "0",
      "sonarts_executableLines": "1",
      "sonarts_functions": "0",
      "sonarts_ncloc": "1",
      "sonarts_nosonarLines": "0",
      "sonarts_statements": "1",
    },
    "path": "test/sample-projects/typescript/hello-old-world.js",
  },
  AnalyzedFile {
    "metrics": Object {
      "sloc_block_lines": "0",
      "sloc_comment_lines": "0",
      "sloc_empty_lines": "3",
      "sloc_mixed_lines": "0",
      "sloc_single_lines": "0",
      "sloc_source_lines": "8",
      "sloc_todo_lines": "0",
      "sloc_total_lines": "11",
      "sonarts_classes": "1",
      "sonarts_cognitiveComplexity": "0",
      "sonarts_commentLines": "0",
      "sonarts_complexity": "2",
      "sonarts_executableLines": "2",
      "sonarts_functions": "2",
      "sonarts_ncloc": "8",
      "sonarts_nosonarLines": "0",
      "sonarts_statements": "2",
    },
    "path": "test/sample-projects/typescript/hello-universe.ts",
  },
  AnalyzedFile {
    "metrics": Object {
      "sloc_block_lines": "0",
      "sloc_comment_lines": "0",
      "sloc_empty_lines": "3",
      "sloc_mixed_lines": "0",
      "sloc_single_lines": "0",
      "sloc_source_lines": "8",
      "sloc_todo_lines": "0",
      "sloc_total_lines": "11",
      "sonarts_classes": "1",
      "sonarts_cognitiveComplexity": "0",
      "sonarts_commentLines": "0",
      "sonarts_complexity": "2",
      "sonarts_executableLines": "2",
      "sonarts_functions": "2",
      "sonarts_ncloc": "8",
      "sonarts_nosonarLines": "0",
      "sonarts_statements": "2",
    },
    "path": "test/sample-projects/typescript/hello-world.ts",
  },
]
`;
